// Jest Snapshot v1, https://goo.gl/fbAQLP

exports[`Storyshots atoms/tags/Button basic Button 1`] = `
.emotion-0 {
  height: 32px;
  background-color: #efefef;
}

<div
  style={
    Object {
      "alignItems": "center",
      "bottom": 0,
      "display": "flex",
      "justifyContent": "center",
      "left": 0,
      "overflow": "auto",
      "position": "fixed",
      "right": 0,
      "top": 0,
    }
  }
>
  <div
    style={
      Object {
        "margin": "auto",
      }
    }
  >
    <button
      className="emotion-0 emotion-1"
      disabled={false}
      onClick={[Function]}
      size="medium"
    >
      Click me
    </button>
  </div>
</div>
`;

exports[`Storyshots atoms/tags/H1 basic H1 1`] = `
.emotion-0 {
  color: #f44336;
}

<div
  style={
    Object {
      "alignItems": "center",
      "bottom": 0,
      "display": "flex",
      "justifyContent": "center",
      "left": 0,
      "overflow": "auto",
      "position": "fixed",
      "right": 0,
      "top": 0,
    }
  }
>
  <div
    style={
      Object {
        "margin": "auto",
      }
    }
  >
    <h1
      className="emotion-0 emotion-1"
    >
      Glowing
    </h1>
  </div>
</div>
`;

exports[`Storyshots atoms/tags/H1 emoji H1 1`] = `
.emotion-0 {
  color: #2196f3;
  text-shadow: 0 0 10px #e91e63;
}

<div
  style={
    Object {
      "alignItems": "center",
      "bottom": 0,
      "display": "flex",
      "justifyContent": "center",
      "left": 0,
      "overflow": "auto",
      "position": "fixed",
      "right": 0,
      "top": 0,
    }
  }
>
  <div
    style={
      Object {
        "margin": "auto",
      }
    }
  >
    <h1
      className="emotion-0 emotion-1"
    >
      üí©üß†üéÅüöÄ
    </h1>
  </div>
</div>
`;

exports[`Storyshots organisms/Footer basic Footer 1`] = `
.emotion-0 {
  width: 100%;
  height: 128px;
  background-color: #34495e;
}

<div
  style={
    Object {
      "alignItems": "center",
      "bottom": 0,
      "display": "flex",
      "justifyContent": "center",
      "left": 0,
      "overflow": "auto",
      "position": "fixed",
      "right": 0,
      "top": 0,
    }
  }
>
  <div
    style={
      Object {
        "margin": "auto",
      }
    }
  >
    <div
      style={
        Object {
          "width": "100vw",
        }
      }
    >
      <footer
        className="emotion-0 emotion-1"
      />
    </div>
  </div>
</div>
`;

exports[`Storyshots organisms/Header basic Header 1`] = `
.emotion-2 {
  width: 100%;
  background-color: #ffffff;
  border-bottom: 1px solid #bdc3c7;
}

.emotion-2 > .emotion-1 {
  width: 72px;
  height: 72px;
}

<div
  style={
    Object {
      "alignItems": "center",
      "bottom": 0,
      "display": "flex",
      "justifyContent": "center",
      "left": 0,
      "overflow": "auto",
      "position": "fixed",
      "right": 0,
      "top": 0,
    }
  }
>
  <div
    style={
      Object {
        "margin": "auto",
      }
    }
  >
    <div
      style={
        Object {
          "width": "100vw",
        }
      }
    >
      <header
        className="emotion-2 emotion-3"
      >
        <button
          className="emotion-0 emotion-1"
          onClick={[Function]}
        >
          <svg
            fill="currentColor"
            height={32}
            preserveAspectRatio="xMidYMid meet"
            style={
              Object {
                "color": undefined,
                "verticalAlign": "middle",
              }
            }
            viewBox="0 0 40 40"
            width={32}
          >
            <g>
              <path
                d="m5 10h30v3.4h-30v-3.4z m0 11.6v-3.2h30v3.2h-30z m0 8.4v-3.4h30v3.4h-30z"
              />
            </g>
          </svg>
        </button>
      </header>
    </div>
  </div>
</div>
`;

exports[`Storyshots organisms/Header/IconButton basic IconButton 1`] = `
.emotion-0 {
  width: 64px;
  height: 64px;
}

<div
  style={
    Object {
      "alignItems": "center",
      "bottom": 0,
      "display": "flex",
      "justifyContent": "center",
      "left": 0,
      "overflow": "auto",
      "position": "fixed",
      "right": 0,
      "top": 0,
    }
  }
>
  <div
    style={
      Object {
        "margin": "auto",
      }
    }
  >
    <button
      className="emotion-0 emotion-1"
      onClick={[Function]}
    >
      <svg
        fill="currentColor"
        height={32}
        preserveAspectRatio="xMidYMid meet"
        style={
          Object {
            "color": undefined,
            "verticalAlign": "middle",
          }
        }
        viewBox="0 0 40 40"
        width={32}
      >
        <g>
          <path
            d="m21.6 5h13.4v10h-13.4v-10z m0 30v-16.6h13.4v16.6h-13.4z m-16.6 0v-10h13.4v10h-13.4z m0-13.4v-16.6h13.4v16.6h-13.4z"
          />
        </g>
      </svg>
    </button>
  </div>
</div>
`;

exports[`Storyshots organisms/Logo basic Logo 1`] = `
.emotion-0 {
  background-color: #34495e;
  width: 220px;
  height: 73px;
}

<div
  style={
    Object {
      "alignItems": "center",
      "bottom": 0,
      "display": "flex",
      "justifyContent": "center",
      "left": 0,
      "overflow": "auto",
      "position": "fixed",
      "right": 0,
      "top": 0,
    }
  }
>
  <div
    style={
      Object {
        "margin": "auto",
      }
    }
  >
    <div
      className="emotion-0 emotion-1"
    />
  </div>
</div>
`;

exports[`Storyshots organisms/Sidebar basic Sidebar 1`] = `
.emotion-7 {
  padding-top: 20px;
  padding-bottom: 4px;
  background-color: #34495e;
  width: 220px;
  height: 100vh;
}

.emotion-7 > .emotion-1 {
  margin-bottom: 8px;
}

.emotion-7 > ul {
  list-style: none;
  padding-left: 0;
  margin-top: 0;
  margin-bottom: 0;
}

.emotion-7 > ul > li {
  margin-bottom: 4px;
}

.emotion-7 > ul > li:last-of-type {
  margin-bottom: 0;
}

.emotion-0 {
  padding-left: 20px;
  color: rgba(255,255,255,0.2);
}

.emotion-2 {
  height: 52px;
  padding-left: 20px;
  color: rgba(255,255,255,0.6);
  -webkit-text-decoration: none;
  text-decoration: none;
  text-transform: uppercase;
  cursor: pointer;
}

.emotion-2:hover {
  background-color: rgba(0,0,0,0.2);
  color: #ffffff;
}

.emotion-2.active {
  color: #34495e;
  background-color: #efefef;
  padding-left: 18px;
  border-left: 2px solid #ffc107;
}

.emotion-2,
.emotion-2 > a {
  display: -webkit-box;
  display: -webkit-flex;
  display: -ms-flexbox;
  display: flex;
  -webkit-align-items: center;
  -webkit-box-align: center;
  -ms-flex-align: center;
  align-items: center;
}

.emotion-2 > svg:first-child,
.emotion-2 > a > svg:first-child {
  margin-right: 12px;
}

<div
  style={
    Object {
      "alignItems": "center",
      "bottom": 0,
      "display": "flex",
      "justifyContent": "center",
      "left": 0,
      "overflow": "auto",
      "position": "fixed",
      "right": 0,
      "top": 0,
    }
  }
>
  <div
    style={
      Object {
        "margin": "auto",
      }
    }
  >
    <nav
      className="emotion-6 emotion-7 emotion-8"
    >
      <h1
        className="emotion-0 emotion-1"
      >
        App
      </h1>
      <ul>
        <li>
          <a
            aria-current="true"
            className="emotion-2 emotion-3 active"
            href="/dashboard"
            onClick={[Function]}
            style={Object {}}
          >
            <svg
              fill="currentColor"
              height="1em"
              preserveAspectRatio="xMidYMid meet"
              style={
                Object {
                  "color": undefined,
                  "verticalAlign": "middle",
                }
              }
              viewBox="0 0 40 40"
              width="1em"
            >
              <g>
                <path
                  d="m21.6 5h13.4v10h-13.4v-10z m0 30v-16.6h13.4v16.6h-13.4z m-16.6 0v-10h13.4v10h-13.4z m0-13.4v-16.6h13.4v16.6h-13.4z"
                />
              </g>
            </svg>
            Dashboard
          </a>
        </li>
        <li>
          <a
            aria-current={false}
            className="emotion-2 emotion-3"
            href="/calendar"
            onClick={[Function]}
            style={undefined}
          >
            <svg
              fill="currentColor"
              height="1em"
              preserveAspectRatio="xMidYMid meet"
              style={
                Object {
                  "color": undefined,
                  "verticalAlign": "middle",
                }
              }
              viewBox="0 0 40 40"
              width="1em"
            >
              <g>
                <path
                  d="m4.4 37.1h31.4v-22.8h-31.4v22.8z m8.5-27.1v-6.4q0-0.3-0.2-0.5t-0.5-0.2h-1.4q-0.3 0-0.5 0.2t-0.2 0.5v6.4q0 0.3 0.2 0.5t0.5 0.2h1.4q0.3 0 0.5-0.2t0.2-0.5z m17.2 0v-6.4q0-0.3-0.2-0.5t-0.5-0.2h-1.5q-0.3 0-0.5 0.2t-0.2 0.5v6.4q0 0.3 0.2 0.5t0.5 0.2h1.5q0.3 0 0.5-0.2t0.2-0.5z m8.5-1.4v28.5q0 1.2-0.8 2.1t-2 0.8h-31.4q-1.2 0-2.1-0.9t-0.8-2v-28.5q0-1.2 0.8-2t2.1-0.9h2.8v-2.1q0-1.5 1.1-2.6t2.5-1h1.4q1.5 0 2.5 1.1t1.1 2.5v2.1h8.6v-2.1q0-1.5 1-2.6t2.5-1h1.5q1.4 0 2.5 1.1t1 2.5v2.1h2.9q1.1 0 2 0.9t0.8 2z"
                />
              </g>
            </svg>
            Calendar
          </a>
        </li>
      </ul>
    </nav>
  </div>
</div>
`;

exports[`Storyshots organisms/Sidebar/MenuHeader basic MenuHeader 1`] = `
.emotion-0 {
  padding-left: 20px;
  color: rgba(255,255,255,0.2);
}

<div
  style={
    Object {
      "alignItems": "center",
      "bottom": 0,
      "display": "flex",
      "justifyContent": "center",
      "left": 0,
      "overflow": "auto",
      "position": "fixed",
      "right": 0,
      "top": 0,
    }
  }
>
  <div
    style={
      Object {
        "margin": "auto",
      }
    }
  >
    <h1
      className="emotion-0 emotion-1"
    >
      Menu
    </h1>
  </div>
</div>
`;

exports[`Storyshots organisms/Sidebar/MenuItem basic MenuItem 1`] = `
.emotion-0 {
  height: 52px;
  padding-left: 20px;
  color: rgba(255,255,255,0.6);
  -webkit-text-decoration: none;
  text-decoration: none;
  text-transform: uppercase;
  cursor: pointer;
}

.emotion-0:hover {
  background-color: rgba(0,0,0,0.2);
  color: #ffffff;
}

.emotion-0.active {
  color: #34495e;
  background-color: #efefef;
  padding-left: 18px;
  border-left: 2px solid #ffc107;
}

.emotion-0,
.emotion-0 > a {
  display: -webkit-box;
  display: -webkit-flex;
  display: -ms-flexbox;
  display: flex;
  -webkit-align-items: center;
  -webkit-box-align: center;
  -ms-flex-align: center;
  align-items: center;
}

.emotion-0 > svg:first-child,
.emotion-0 > a > svg:first-child {
  margin-right: 12px;
}

<div
  style={
    Object {
      "alignItems": "center",
      "bottom": 0,
      "display": "flex",
      "justifyContent": "center",
      "left": 0,
      "overflow": "auto",
      "position": "fixed",
      "right": 0,
      "top": 0,
    }
  }
>
  <div
    style={
      Object {
        "margin": "auto",
      }
    }
  >
    <div
      style={
        Object {
          "width": "200px",
        }
      }
    >
      <a
        aria-current={false}
        className="emotion-0 emotion-1"
        href="/hello-world"
        onClick={[Function]}
        style={undefined}
      >
        Hello world!
      </a>
    </div>
  </div>
</div>
`;

exports[`Storyshots organisms/Sidebar/MenuItem basic svg MenuItem 1`] = `
.emotion-0 {
  height: 52px;
  padding-left: 20px;
  color: rgba(255,255,255,0.6);
  -webkit-text-decoration: none;
  text-decoration: none;
  text-transform: uppercase;
  cursor: pointer;
}

.emotion-0:hover {
  background-color: rgba(0,0,0,0.2);
  color: #ffffff;
}

.emotion-0.active {
  color: #34495e;
  background-color: #efefef;
  padding-left: 18px;
  border-left: 2px solid #ffc107;
}

.emotion-0,
.emotion-0 > a {
  display: -webkit-box;
  display: -webkit-flex;
  display: -ms-flexbox;
  display: flex;
  -webkit-align-items: center;
  -webkit-box-align: center;
  -ms-flex-align: center;
  align-items: center;
}

.emotion-0 > svg:first-child,
.emotion-0 > a > svg:first-child {
  margin-right: 12px;
}

<div
  style={
    Object {
      "alignItems": "center",
      "bottom": 0,
      "display": "flex",
      "justifyContent": "center",
      "left": 0,
      "overflow": "auto",
      "position": "fixed",
      "right": 0,
      "top": 0,
    }
  }
>
  <div
    style={
      Object {
        "margin": "auto",
      }
    }
  >
    <div
      style={
        Object {
          "width": "200px",
        }
      }
    >
      <a
        aria-current={false}
        className="emotion-0 emotion-1"
        href="/hello-world"
        onClick={[Function]}
        style={undefined}
      >
        <svg
          fill="currentColor"
          height="1em"
          preserveAspectRatio="xMidYMid meet"
          style={
            Object {
              "color": undefined,
              "verticalAlign": "middle",
            }
          }
          viewBox="0 0 40 40"
          width="1em"
        >
          <g>
            <path
              d="m30 15c2.7 0 5 2.3 5 5v2.6c0 1.8-1.5 3.3-3.3 3.3-0.8 0-1.6-0.4-2.2-1l-3.6-3.6-3.6 3.6c-1.3 1.3-3.4 1.3-4.6 0l-3.6-3.6-3.6 3.6c-0.6 0.6-1.4 1-2.2 1-1.8 0-3.3-1.5-3.3-3.3v-2.6c0-2.7 2.3-5 5-5h8.4v-3.4h3.2v3.4h8.4z m-2.3 11.6c1.1 1.1 2.5 1.8 4 1.8 1.3 0 2.4-0.4 3.3-1.1v7.7c0 0.9-0.7 1.6-1.6 1.6h-26.8c-0.9 0-1.6-0.7-1.6-1.6v-7.7c0.9 0.7 2 1.1 3.3 1.1 1.5 0 3-0.7 4-1.8l1.8-1.8 1.8 1.8c2.2 2.2 6 2.2 8.2 0l1.8-1.8z m-7.7-16.6c-1.8 0-3.4-1.6-3.4-3.4 0-0.6 0.3-1.2 0.6-1.7l2.8-4.9 2.8 4.9c0.3 0.5 0.6 1.1 0.6 1.7 0 1.8-1.5 3.4-3.4 3.4z"
            />
          </g>
        </svg>
        Hello world!
      </a>
    </div>
  </div>
</div>
`;

exports[`Storyshots organisms/Sidebar/MenuItem multiple MenuItem 1`] = `
.emotion-0 {
  height: 52px;
  padding-left: 20px;
  color: rgba(255,255,255,0.6);
  -webkit-text-decoration: none;
  text-decoration: none;
  text-transform: uppercase;
  cursor: pointer;
}

.emotion-0:hover {
  background-color: rgba(0,0,0,0.2);
  color: #ffffff;
}

.emotion-0.active {
  color: #34495e;
  background-color: #efefef;
  padding-left: 18px;
  border-left: 2px solid #ffc107;
}

.emotion-0,
.emotion-0 > a {
  display: -webkit-box;
  display: -webkit-flex;
  display: -ms-flexbox;
  display: flex;
  -webkit-align-items: center;
  -webkit-box-align: center;
  -ms-flex-align: center;
  align-items: center;
}

.emotion-0 > svg:first-child,
.emotion-0 > a > svg:first-child {
  margin-right: 12px;
}

<div
  style={
    Object {
      "alignItems": "center",
      "bottom": 0,
      "display": "flex",
      "justifyContent": "center",
      "left": 0,
      "overflow": "auto",
      "position": "fixed",
      "right": 0,
      "top": 0,
    }
  }
>
  <div
    style={
      Object {
        "margin": "auto",
      }
    }
  >
    <div
      style={
        Object {
          "width": "200px",
        }
      }
    >
      <ul>
        <a
          aria-current={false}
          className="emotion-0 emotion-1"
          href="/Apple"
          onClick={[Function]}
          style={undefined}
        >
          Apple
          !
        </a>
        <a
          aria-current={false}
          className="emotion-0 emotion-1"
          href="/Banana"
          onClick={[Function]}
          style={undefined}
        >
          Banana
          !
        </a>
        <a
          aria-current={false}
          className="emotion-0 emotion-1"
          href="/Cherry"
          onClick={[Function]}
          style={undefined}
        >
          Cherry
          !
        </a>
      </ul>
    </div>
  </div>
</div>
`;

exports[`Storyshots pages/Calendar basic Calendar 1`] = `
.emotion-0 {
  color: #f44336;
}

<div
  style={
    Object {
      "alignItems": "center",
      "bottom": 0,
      "display": "flex",
      "justifyContent": "center",
      "left": 0,
      "overflow": "auto",
      "position": "fixed",
      "right": 0,
      "top": 0,
    }
  }
>
  <div
    style={
      Object {
        "margin": "auto",
      }
    }
  >
    <div
      style={
        Object {
          "height": "100vh",
          "width": "100vw",
        }
      }
    >
      <h1
        className="emotion-0 emotion-1"
      >
        Calendar
      </h1>
      <p>
        Lorem ipsum dolor sit amet consectetur adipisicing elit.
      </p>
      <p>
        Lorem ipsum dolor sit amet consectetur adipisicing elit.
      </p>
      <p>
        Lorem ipsum dolor sit amet consectetur adipisicing elit.
      </p>
      <p>
        Lorem ipsum dolor sit amet consectetur adipisicing elit.
      </p>
      <p>
        Lorem ipsum dolor sit amet consectetur adipisicing elit.
      </p>
      <p>
        Lorem ipsum dolor sit amet consectetur adipisicing elit.
      </p>
      <p>
        Lorem ipsum dolor sit amet consectetur adipisicing elit.
      </p>
      <p>
        Lorem ipsum dolor sit amet consectetur adipisicing elit.
      </p>
      <p>
        Lorem ipsum dolor sit amet consectetur adipisicing elit.
      </p>
      <p>
        Lorem ipsum dolor sit amet consectetur adipisicing elit.
      </p>
      <p>
        Lorem ipsum dolor sit amet consectetur adipisicing elit.
      </p>
      <p>
        Lorem ipsum dolor sit amet consectetur adipisicing elit.
      </p>
      <p>
        Lorem ipsum dolor sit amet consectetur adipisicing elit.
      </p>
      <p>
        Lorem ipsum dolor sit amet consectetur adipisicing elit.
      </p>
      <p>
        Lorem ipsum dolor sit amet consectetur adipisicing elit.
      </p>
      <p>
        Lorem ipsum dolor sit amet consectetur adipisicing elit.
      </p>
      <p>
        Lorem ipsum dolor sit amet consectetur adipisicing elit.
      </p>
      <p>
        Lorem ipsum dolor sit amet consectetur adipisicing elit.
      </p>
      <p>
        Lorem ipsum dolor sit amet consectetur adipisicing elit.
      </p>
      <p>
        Lorem ipsum dolor sit amet consectetur adipisicing elit.
      </p>
      <p>
        Lorem ipsum dolor sit amet consectetur adipisicing elit.
      </p>
      <p>
        Lorem ipsum dolor sit amet consectetur adipisicing elit.
      </p>
      <p>
        Lorem ipsum dolor sit amet consectetur adipisicing elit.
      </p>
      <p>
        Lorem ipsum dolor sit amet consectetur adipisicing elit.
      </p>
      <p>
        Lorem ipsum dolor sit amet consectetur adipisicing elit.
      </p>
      <p>
        Lorem ipsum dolor sit amet consectetur adipisicing elit.
      </p>
      <p>
        Lorem ipsum dolor sit amet consectetur adipisicing elit.
      </p>
      <p>
        Lorem ipsum dolor sit amet consectetur adipisicing elit.
      </p>
      <p>
        Lorem ipsum dolor sit amet consectetur adipisicing elit.
      </p>
      <p>
        Lorem ipsum dolor sit amet consectetur adipisicing elit.
      </p>
      <p>
        Lorem ipsum dolor sit amet consectetur adipisicing elit.
      </p>
      <p>
        Lorem ipsum dolor sit amet consectetur adipisicing elit.
      </p>
      <p>
        Lorem ipsum dolor sit amet consectetur adipisicing elit.
      </p>
      <p>
        Lorem ipsum dolor sit amet consectetur adipisicing elit.
      </p>
      <p>
        Lorem ipsum dolor sit amet consectetur adipisicing elit.
      </p>
      <p>
        Lorem ipsum dolor sit amet consectetur adipisicing elit.
      </p>
      <p>
        Lorem ipsum dolor sit amet consectetur adipisicing elit.
      </p>
      <p>
        Lorem ipsum dolor sit amet consectetur adipisicing elit.
      </p>
      <p>
        Lorem ipsum dolor sit amet consectetur adipisicing elit.
      </p>
      <p>
        Lorem ipsum dolor sit amet consectetur adipisicing elit.
      </p>
      <p>
        Lorem ipsum dolor sit amet consectetur adipisicing elit.
      </p>
      <p>
        Lorem ipsum dolor sit amet consectetur adipisicing elit.
      </p>
      <p>
        Lorem ipsum dolor sit amet consectetur adipisicing elit.
      </p>
      <p>
        Lorem ipsum dolor sit amet consectetur adipisicing elit.
      </p>
      <p>
        Lorem ipsum dolor sit amet consectetur adipisicing elit.
      </p>
      <p>
        Lorem ipsum dolor sit amet consectetur adipisicing elit.
      </p>
      <p>
        Lorem ipsum dolor sit amet consectetur adipisicing elit.
      </p>
      <p>
        Lorem ipsum dolor sit amet consectetur adipisicing elit.
      </p>
      <p>
        Lorem ipsum dolor sit amet consectetur adipisicing elit.
      </p>
      <p>
        Lorem ipsum dolor sit amet consectetur adipisicing elit.
      </p>
      <p>
        Lorem ipsum dolor sit amet consectetur adipisicing elit.
      </p>
      <p>
        Lorem ipsum dolor sit amet consectetur adipisicing elit.
      </p>
      <p>
        Lorem ipsum dolor sit amet consectetur adipisicing elit.
      </p>
      <p>
        Lorem ipsum dolor sit amet consectetur adipisicing elit.
      </p>
      <p>
        Lorem ipsum dolor sit amet consectetur adipisicing elit.
      </p>
      <p>
        Lorem ipsum dolor sit amet consectetur adipisicing elit.
      </p>
      <p>
        Lorem ipsum dolor sit amet consectetur adipisicing elit.
      </p>
      <p>
        Lorem ipsum dolor sit amet consectetur adipisicing elit.
      </p>
      <p>
        Lorem ipsum dolor sit amet consectetur adipisicing elit.
      </p>
      <p>
        Lorem ipsum dolor sit amet consectetur adipisicing elit.
      </p>
      <p>
        Lorem ipsum dolor sit amet consectetur adipisicing elit.
      </p>
      <p>
        Lorem ipsum dolor sit amet consectetur adipisicing elit.
      </p>
      <p>
        Lorem ipsum dolor sit amet consectetur adipisicing elit.
      </p>
      <p>
        Lorem ipsum dolor sit amet consectetur adipisicing elit.
      </p>
      <p>
        Lorem ipsum dolor sit amet consectetur adipisicing elit.
      </p>
      <p>
        Lorem ipsum dolor sit amet consectetur adipisicing elit.
      </p>
      <p>
        Lorem ipsum dolor sit amet consectetur adipisicing elit.
      </p>
      <p>
        Lorem ipsum dolor sit amet consectetur adipisicing elit.
      </p>
      <p>
        Lorem ipsum dolor sit amet consectetur adipisicing elit.
      </p>
      <p>
        Lorem ipsum dolor sit amet consectetur adipisicing elit.
      </p>
      <p>
        Lorem ipsum dolor sit amet consectetur adipisicing elit.
      </p>
      <p>
        Lorem ipsum dolor sit amet consectetur adipisicing elit.
      </p>
      <p>
        Lorem ipsum dolor sit amet consectetur adipisicing elit.
      </p>
      <p>
        Lorem ipsum dolor sit amet consectetur adipisicing elit.
      </p>
      <p>
        Lorem ipsum dolor sit amet consectetur adipisicing elit.
      </p>
      <p>
        Lorem ipsum dolor sit amet consectetur adipisicing elit.
      </p>
      <p>
        Lorem ipsum dolor sit amet consectetur adipisicing elit.
      </p>
      <p>
        Lorem ipsum dolor sit amet consectetur adipisicing elit.
      </p>
      <p>
        Lorem ipsum dolor sit amet consectetur adipisicing elit.
      </p>
      <p>
        Lorem ipsum dolor sit amet consectetur adipisicing elit.
      </p>
      <p>
        Lorem ipsum dolor sit amet consectetur adipisicing elit.
      </p>
      <p>
        Lorem ipsum dolor sit amet consectetur adipisicing elit.
      </p>
      <p>
        Lorem ipsum dolor sit amet consectetur adipisicing elit.
      </p>
      <p>
        Lorem ipsum dolor sit amet consectetur adipisicing elit.
      </p>
      <p>
        Lorem ipsum dolor sit amet consectetur adipisicing elit.
      </p>
      <p>
        Lorem ipsum dolor sit amet consectetur adipisicing elit.
      </p>
      <p>
        Lorem ipsum dolor sit amet consectetur adipisicing elit.
      </p>
      <p>
        Lorem ipsum dolor sit amet consectetur adipisicing elit.
      </p>
      <p>
        Lorem ipsum dolor sit amet consectetur adipisicing elit.
      </p>
      <p>
        Lorem ipsum dolor sit amet consectetur adipisicing elit.
      </p>
      <p>
        Lorem ipsum dolor sit amet consectetur adipisicing elit.
      </p>
      <p>
        Lorem ipsum dolor sit amet consectetur adipisicing elit.
      </p>
      <p>
        Lorem ipsum dolor sit amet consectetur adipisicing elit.
      </p>
      <p>
        Lorem ipsum dolor sit amet consectetur adipisicing elit.
      </p>
      <p>
        Lorem ipsum dolor sit amet consectetur adipisicing elit.
      </p>
      <p>
        Lorem ipsum dolor sit amet consectetur adipisicing elit.
      </p>
      <p>
        Lorem ipsum dolor sit amet consectetur adipisicing elit.
      </p>
      <p>
        Lorem ipsum dolor sit amet consectetur adipisicing elit.
      </p>
      <p>
        Lorem ipsum dolor sit amet consectetur adipisicing elit.
      </p>
      <p>
        Lorem ipsum dolor sit amet consectetur adipisicing elit.
      </p>
    </div>
  </div>
</div>
`;

exports[`Storyshots pages/Home basic Home 1`] = `
.emotion-0 {
  color: #f44336;
}

.emotion-2 {
  height: 24px;
  background-color: #efefef;
}

<div
  style={
    Object {
      "alignItems": "center",
      "bottom": 0,
      "display": "flex",
      "justifyContent": "center",
      "left": 0,
      "overflow": "auto",
      "position": "fixed",
      "right": 0,
      "top": 0,
    }
  }
>
  <div
    style={
      Object {
        "margin": "auto",
      }
    }
  >
    <h1
      className="emotion-0 emotion-1"
    >
      Hello world
    </h1>
    <button
      className="emotion-2 emotion-3"
      disabled={false}
      size="small"
    >
      Hello
    </button>
    <p>
      Lorem ipsum dolor sit amet consectetur adipisicing elit. Vero quisquam molestias esse numquam iure, amet porro quos vitae distinctio repellat ipsam laboriosam! Repellat saepe suscipit iste, non id quod quia?
    </p>
  </div>
</div>
`;

exports[`Storyshots templates/GenericPage basic GenericPage 1`] = `
.emotion-16 {
  width: 100%;
  height: 128px;
  background-color: #34495e;
}

.emotion-5 {
  width: 100%;
  background-color: #ffffff;
  border-bottom: 1px solid #bdc3c7;
}

.emotion-5 > .emotion-3 {
  width: 72px;
  height: 72px;
}

.emotion-7 {
  padding-left: 20px;
  color: rgba(255,255,255,0.2);
}

.emotion-9 {
  height: 52px;
  padding-left: 20px;
  color: rgba(255,255,255,0.6);
  -webkit-text-decoration: none;
  text-decoration: none;
  text-transform: uppercase;
  cursor: pointer;
}

.emotion-9:hover {
  background-color: rgba(0,0,0,0.2);
  color: #ffffff;
}

.emotion-9.active {
  color: #34495e;
  background-color: #efefef;
  padding-left: 18px;
  border-left: 2px solid #ffc107;
}

.emotion-9,
.emotion-9 > a {
  display: -webkit-box;
  display: -webkit-flex;
  display: -ms-flexbox;
  display: flex;
  -webkit-align-items: center;
  -webkit-box-align: center;
  -ms-flex-align: center;
  align-items: center;
}

.emotion-9 > svg:first-child,
.emotion-9 > a > svg:first-child {
  margin-right: 12px;
}

.emotion-18 {
  display: grid;
  grid-template-columns: max-content 1fr;
  grid-template-rows: max-content 1fr max-content;
  grid-template-areas: "logo header" "sidebar content" "footer content";
  min-height: 100vh;
  max-height: 100vh;
}

.emotion-18 > *:nth-child(n + 5) {
  grid-area: content;
}

.emotion-18 > *:nth-child(1) {
  grid-area: logo;
  width: 220px;
}

.emotion-18 > *:nth-child(2) {
  grid-area: header;
}

.emotion-18 > *:nth-child(3) {
  grid-area: sidebar;
}

.emotion-18 > *:nth-child(4) {
  grid-area: footer;
}

.emotion-0 {
  background-color: #34495e;
}

.emotion-14 {
  padding-top: 20px;
  padding-bottom: 4px;
  background-color: #34495e;
}

.emotion-14 > .emotion-8 {
  margin-bottom: 8px;
}

.emotion-14 > ul {
  list-style: none;
  padding-left: 0;
  margin-top: 0;
  margin-bottom: 0;
}

.emotion-14 > ul > li {
  margin-bottom: 4px;
}

.emotion-14 > ul > li:last-of-type {
  margin-bottom: 0;
}

<div
  style={
    Object {
      "alignItems": "center",
      "bottom": 0,
      "display": "flex",
      "justifyContent": "center",
      "left": 0,
      "overflow": "auto",
      "position": "fixed",
      "right": 0,
      "top": 0,
    }
  }
>
  <div
    style={
      Object {
        "margin": "auto",
      }
    }
  >
    <div
      style={
        Object {
          "width": "100vw",
        }
      }
    >
      <div
        className="emotion-18 emotion-19"
      >
        <div
          className="emotion-0 emotion-1"
        />
        <header
          className="emotion-4 emotion-5 emotion-6"
        >
          <button
            className="emotion-2 emotion-3"
            onClick={[Function]}
          >
            <svg
              fill="currentColor"
              height={32}
              preserveAspectRatio="xMidYMid meet"
              style={
                Object {
                  "color": undefined,
                  "verticalAlign": "middle",
                }
              }
              viewBox="0 0 40 40"
              width={32}
            >
              <g>
                <path
                  d="m5 10h30v3.4h-30v-3.4z m0 11.6v-3.2h30v3.2h-30z m0 8.4v-3.4h30v3.4h-30z"
                />
              </g>
            </svg>
          </button>
        </header>
        <nav
          className="emotion-13 emotion-14 emotion-15"
        >
          <h1
            className="emotion-7 emotion-8"
          >
            App
          </h1>
          <ul>
            <li>
              <a
                aria-current="true"
                className="emotion-9 emotion-10 active"
                href="/dashboard"
                onClick={[Function]}
                style={Object {}}
              >
                <svg
                  fill="currentColor"
                  height="1em"
                  preserveAspectRatio="xMidYMid meet"
                  style={
                    Object {
                      "color": undefined,
                      "verticalAlign": "middle",
                    }
                  }
                  viewBox="0 0 40 40"
                  width="1em"
                >
                  <g>
                    <path
                      d="m21.6 5h13.4v10h-13.4v-10z m0 30v-16.6h13.4v16.6h-13.4z m-16.6 0v-10h13.4v10h-13.4z m0-13.4v-16.6h13.4v16.6h-13.4z"
                    />
                  </g>
                </svg>
                Dashboard
              </a>
            </li>
            <li>
              <a
                aria-current={false}
                className="emotion-9 emotion-10"
                href="/calendar"
                onClick={[Function]}
                style={undefined}
              >
                <svg
                  fill="currentColor"
                  height="1em"
                  preserveAspectRatio="xMidYMid meet"
                  style={
                    Object {
                      "color": undefined,
                      "verticalAlign": "middle",
                    }
                  }
                  viewBox="0 0 40 40"
                  width="1em"
                >
                  <g>
                    <path
                      d="m4.4 37.1h31.4v-22.8h-31.4v22.8z m8.5-27.1v-6.4q0-0.3-0.2-0.5t-0.5-0.2h-1.4q-0.3 0-0.5 0.2t-0.2 0.5v6.4q0 0.3 0.2 0.5t0.5 0.2h1.4q0.3 0 0.5-0.2t0.2-0.5z m17.2 0v-6.4q0-0.3-0.2-0.5t-0.5-0.2h-1.5q-0.3 0-0.5 0.2t-0.2 0.5v6.4q0 0.3 0.2 0.5t0.5 0.2h1.5q0.3 0 0.5-0.2t0.2-0.5z m8.5-1.4v28.5q0 1.2-0.8 2.1t-2 0.8h-31.4q-1.2 0-2.1-0.9t-0.8-2v-28.5q0-1.2 0.8-2t2.1-0.9h2.8v-2.1q0-1.5 1.1-2.6t2.5-1h1.4q1.5 0 2.5 1.1t1.1 2.5v2.1h8.6v-2.1q0-1.5 1-2.6t2.5-1h1.5q1.4 0 2.5 1.1t1 2.5v2.1h2.9q1.1 0 2 0.9t0.8 2z"
                    />
                  </g>
                </svg>
                Calendar
              </a>
            </li>
          </ul>
        </nav>
        <footer
          className="emotion-16 emotion-17"
        />
        <div
          style={
            Object {
              "backgroundColor": "rebeccapurple",
              "opacity": 0.8,
            }
          }
        >
          <p>
            Hello world!
          </p>
        </div>
      </div>
    </div>
  </div>
</div>
`;

exports[`Storyshots templates/GenericPage/Wrapper basic Wrapper with Sidebar 1`] = `
.emotion-10 {
  display: grid;
  grid-template-columns: max-content 1fr;
  grid-template-rows: max-content 1fr max-content;
  grid-template-areas: "logo header" "sidebar content" "footer content";
  min-height: 100vh;
  max-height: 100vh;
}

.emotion-10 > *:nth-child(n + 5) {
  grid-area: content;
}

.emotion-10 > *:nth-child(1) {
  grid-area: logo;
  width: 220px;
}

.emotion-10 > *:nth-child(2) {
  grid-area: header;
}

.emotion-10 > *:nth-child(3) {
  grid-area: sidebar;
}

.emotion-10 > *:nth-child(4) {
  grid-area: footer;
}

.emotion-0 {
  width: 100px;
  height: 50px;
  background-color: pink;
}

.emotion-2 {
  width: 485px;
  background-color: royalblue;
}

.emotion-4 {
  background-color: yellow;
}

.emotion-6 {
  height: 50px;
  background-color: rebeccapurple;
}

.emotion-8 {
  background-color: seagreen;
}

<div
  style={
    Object {
      "alignItems": "center",
      "bottom": 0,
      "display": "flex",
      "justifyContent": "center",
      "left": 0,
      "overflow": "auto",
      "position": "fixed",
      "right": 0,
      "top": 0,
    }
  }
>
  <div
    style={
      Object {
        "margin": "auto",
      }
    }
  >
    <div
      className="emotion-10 emotion-11"
    >
      <div
        className="emotion-0 emotion-1"
      />
      <div
        className="emotion-2 emotion-3"
      />
      <div
        className="emotion-4 emotion-5"
      />
      <div
        className="emotion-6 emotion-7"
      />
      <div
        className="emotion-8 emotion-9"
      />
    </div>
  </div>
</div>
`;

exports[`Storyshots templates/GenericPage/Wrapper basic Wrapper without Sidebar 1`] = `
.emotion-0 {
  width: 100px;
  height: 50px;
  background-color: pink;
}

.emotion-2 {
  width: 485px;
  background-color: royalblue;
}

.emotion-4 {
  background-color: yellow;
}

.emotion-6 {
  height: 50px;
  background-color: rebeccapurple;
}

.emotion-8 {
  background-color: seagreen;
}

.emotion-10 {
  display: grid;
  grid-template-columns: max-content 1fr;
  grid-template-rows: max-content 1fr max-content;
  grid-template-areas: "logo header" "sidebar content" "footer content";
  min-height: 100vh;
  max-height: 100vh;
  grid-template-areas: "logo header" "content content" "content content";
}

.emotion-10 > *:nth-child(n + 5) {
  grid-area: content;
}

.emotion-10 > *:nth-child(1) {
  grid-area: logo;
  width: 220px;
}

.emotion-10 > *:nth-child(2) {
  grid-area: header;
}

.emotion-10 > *:nth-child(3) {
  grid-area: sidebar;
}

.emotion-10 > *:nth-child(4) {
  grid-area: footer;
}

.emotion-10 > *:nth-child(3),
.emotion-10 > *:nth-child(4) {
  display: none;
}

<div
  style={
    Object {
      "alignItems": "center",
      "bottom": 0,
      "display": "flex",
      "justifyContent": "center",
      "left": 0,
      "overflow": "auto",
      "position": "fixed",
      "right": 0,
      "top": 0,
    }
  }
>
  <div
    style={
      Object {
        "margin": "auto",
      }
    }
  >
    <div
      className="emotion-10 emotion-11"
    >
      <div
        className="emotion-0 emotion-1"
      />
      <div
        className="emotion-2 emotion-3"
      />
      <div
        className="emotion-4 emotion-5"
      />
      <div
        className="emotion-6 emotion-7"
      />
      <div
        className="emotion-8 emotion-9"
      />
    </div>
  </div>
</div>
`;

exports[`Storyshots templates/GenericPageContent basic GenericPageContent 1`] = `
.emotion-2 {
  display: -webkit-box;
  display: -webkit-flex;
  display: -ms-flexbox;
  display: flex;
  overflow-y: hidden;
  background-color: #efefef;
}

.emotion-0 {
  -webkit-flex: 1;
  -ms-flex: 1;
  flex: 1;
  overflow-y: scroll;
  margin: 32px;
  border: 12px solid #ffffff;
  border-radius: 4px;
  background-color: #ffffff;
}

<div
  style={
    Object {
      "alignItems": "center",
      "bottom": 0,
      "display": "flex",
      "justifyContent": "center",
      "left": 0,
      "overflow": "auto",
      "position": "fixed",
      "right": 0,
      "top": 0,
    }
  }
>
  <div
    style={
      Object {
        "margin": "auto",
      }
    }
  >
    <div
      style={
        Object {
          "height": "100vh",
          "width": "100vw",
        }
      }
    >
      <div
        className="emotion-2 emotion-3"
      >
        <main
          className="emotion-0 emotion-1"
        >
          <p>
            Hello world!
          </p>
        </main>
      </div>
    </div>
  </div>
</div>
`;
